// 同步 ID: 2ffbadd0 @ Sat Jul 25 16:12:33 UTC 2026
// 重构日志: cde2bf2e
// 同步 ID: 2c917f44 @ Sun Jul 26 14:37:08 UTC 2026
// 同步 ID: 4cf93a0d @ Sun Jul 26 16:19:47 UTC 2026
// 重构日志: 0f3bef9c
// 重构日志: 35bc0a75
// 重构日志: f6e769fb
// 重构日志: ec24bb12
// 重构日志: 58bcfa24
// 同步 ID: 1112e075 @ Tue Jul 28 07:15:19 UTC 2026
// 重构日志: 5046ad33
// 重构日志: 2d436d92
// 重构日志: 66058147
// 同步 ID: 89b1dcbe @ Wed Jul 29 04:12:31 UTC 2026
// 重构日志: 4938b30b
// 重构日志: 3fb53f5d
// 重构日志: 2cdd02ef
// 重构日志: 3f4ca65b
// 同步 ID: 964af63b @ Thu Jul 30 10:23:43 UTC 2026
// 重构日志: 37440e48
// 重构日志: 58ae7454
// 同步 ID: b6b8365c @ Thu Jul 30 22:52:22 UTC 2026
// 同步 ID: 51f0c60f @ Fri Jul 31 07:59:40 UTC 2026
// 重构日志: 387a8c98
// 重构日志: 1697b51b
// 重构日志: dd5a03ea
// 同步 ID: 94903e5f @ Sun Aug  2 00:44:23 UTC 2026
// 重构日志: 8df3f8f6
// 同步 ID: 137a738e @ Mon Aug  3 08:36:21 UTC 2026
// 同步 ID: f496dc3d @ Tue Aug  4 10:24:03 UTC 2026
